▲ Next.js 16.1.6 (Turbopack)

  Creating an optimized production build ...
Error: Cannot apply unknown utility class `border-border`. Are you using CSS modules or similar and missing `@reference`? https://tailwindcss.com/docs/functions-and-directives#reference-directive
    [2m[at onInvalidCandidate (C:\Users\Yash Kalal\.gemini\antigravity\scratch\brain-mate\node_modules\tailwindcss\dist\lib.js:21:1314)][0m
    [2m[at Te (C:\Users\Yash Kalal\.gemini\antigravity\scratch\brain-mate\node_modules\tailwindcss\dist\lib.js:16:36652)][0m
    [2m[at C:\Users\Yash Kalal\.gemini\antigravity\scratch\brain-mate\node_modules\tailwindcss\dist\lib.js:21:355][0m
    [2m[at Rr (C:\Users\Yash Kalal\.gemini\antigravity\scratch\brain-mate\node_modules\tailwindcss\dist\lib.js:3:1718)][0m
    [2m[at _ (C:\Users\Yash Kalal\.gemini\antigravity\scratch\brain-mate\node_modules\tailwindcss\dist\lib.js:3:1377)][0m
    [2m[at $e (C:\Users\Yash Kalal\.gemini\antigravity\scratch\brain-mate\node_modules\tailwindcss\dist\lib.js:21:172)][0m
    [2m[at un (C:\Users\Yash Kalal\.gemini\antigravity\scratch\brain-mate\node_modules\tailwindcss\dist\lib.js:38:294)][0m
    [2m[at process.processTicksAndRejections (node:internal/process/task_queues:103:5)][0m
    [2m[at async cn (C:\Users\Yash Kalal\.gemini\antigravity\scratch\brain-mate\node_modules\tailwindcss\dist\lib.js:38:631)][0m
    [2m[at async Xr (C:\Users\Yash Kalal\.gemini\antigravity\scratch\brain-mate\node_modules\@tailwindcss\node\dist\index.js:10:3417)][0m

> Build error occurred
Error: Turbopack build failed with 2 errors:
./src/app/globals.css
Error evaluating Node.js code
CssSyntaxError: tailwindcss: C:\Users\Yash Kalal\.gemini\antigravity\scratch\brain-mate\src\app\globals.css:1:1: Cannot apply unknown utility class `border-border`. Are you using CSS modules or similar and missing `@reference`? https://tailwindcss.com/docs/functions-and-directives#reference-directive
    at Input.error (node_modules/postcss/lib/input.js:135:16) [C:\Users\Yash Kalal\.gemini\antigravity\scratch\brain-mate\.next\build\chunks\node_modules_fe693df6._.js:4651:22]
    at Root.error (node_modules/postcss/lib/node.js:146:32) [C:\Users\Yash Kalal\.gemini\antigravity\scratch\brain-mate\.next\build\chunks\node_modules_fe693df6._.js:928:38]
    [at Object.Once (C:\Users\Yash Kalal\.gemini\antigravity\scratch\brain-mate\node_modules\@tailwindcss\postcss\dist\index.js:10:6911)]
    [at process.processTicksAndRejections (node:internal/process/task_queues:103:5)]
    at async LazyResult.runAsync (node_modules/postcss/lib/lazy-result.js:293:11) [C:\Users\Yash Kalal\.gemini\antigravity\scratch\brain-mate\.next\build\chunks\node_modules_fe693df6._.js:6206:21]
    at async transform (turbopack:///[turbopack-node]/transforms/postcss.ts:70:34) [C:\Users\Yash Kalal\.gemini\antigravity\scratch\brain-mate\.next\build\chunks\[root-of-the-server]__51225daf._.js:146:36]
    at async run (turbopack:///[turbopack-node]/ipc/evaluate.ts:92:23) [C:\Users\Yash Kalal\.gemini\antigravity\scratch\brain-mate\.next\build\chunks\[root-of-the-server]__974941ed._.js:443:31]

Import trace:
  Client Component Browser:
    ./src/app/globals.css [Client Component Browser]
    ./src/app/layout.tsx [Server Component]


./src/components/chat-interface.tsx:3:1
Module not found: Can't resolve 'ai/react'
[0m [90m 1 |[39m [32m"use client"[39m[33m;[39m
 [90m 2 |[39m
[31m[1m>[22m[39m[90m 3 |[39m [36mimport[39m { useChat } [36mfrom[39m [32m"ai/react"[39m[33m;[39m
 [90m   |[39m [31m[1m^[22m[39m[31m[1m^[22m[39m[31m[1m^[22m[39m[31m[1m^[22m[39m[31m[1m^[22m[39m[31m[1m^[22m[39m[31m[1m^[22m[39m[31m[1m^[22m[39m[31m[1m^[22m[39m[31m[1m^[22m[39m[31m[1m^[22m[39m[31m[1m^[22m[39m[31m[1m^[22m[39m[31m[1m^[22m[39m[31m[1m^[22m[39m[31m[1m^[22m[39m[31m[1m^[22m[39m[31m[1m^[22m[39m[31m[1m^[22m[39m[31m[1m^[22m[39m[31m[1m^[22m[39m[31m[1m^[22m[39m[31m[1m^[22m[39m[31m[1m^[22m[39m[31m[1m^[22m[39m[31m[1m^[22m[39m[31m[1m^[22m[39m[31m[1m^[22m[39m[31m[1m^[22m[39m[31m[1m^[22m[39m[31m[1m^[22m[39m[31m[1m^[22m[39m[31m[1m^[22m[39m[31m[1m^[22m[39m[31m[1m^[22m[39m
 [90m 4 |[39m [36mimport[39m { useRef[33m,[39m useEffect } [36mfrom[39m [32m"react"[39m[33m;[39m
 [90m 5 |[39m [36mimport[39m { motion[33m,[39m [33mAnimatePresence[39m } [36mfrom[39m [32m"framer-motion"[39m[33m;[39m
 [90m 6 |[39m [36mimport[39m { [33mSend[39m[33m,[39m [33mBot[39m[33m,[39m [33mUser[39m[33m,[39m [33mTerminal[39m } [36mfrom[39m [32m"lucide-react"[39m[33m;[39m[0m



Import trace:
  Server Component:
    ./src/components/chat-interface.tsx
    ./src/app/page.tsx

https://nextjs.org/docs/messages/module-not-found


    at async transform (turbopack:///[turbopack-node]/transforms/postcss.ts:70:34) [C:\Users\Yash Kalal\.gemini\antigravity\scratch\brain-mate\.next\build\chunks\[root-of-the-server]__51225daf._.js:146:36])
    at async run (turbopack:///[turbopack-node]/ipc/evaluate.ts:92:23) [C:\Users\Yash Kalal\.gemini\antigravity\scratch\brain-mate\.next\build\chunks\[root-of-the-server]__974941ed._.js:443:31])
    at <unknown> (./src/components/chat-interface.tsx:3:1)
    at <unknown> (https://nextjs.org/docs/messages/module-not-found)
