src/app/api/chat/route.ts(17,19): error TS2551: Property 'toDataStreamResponse' does not exist on type 'StreamTextResult<ToolSet, Output<string, string, never>>'. Did you mean 'toTextStreamResponse'?
src/components/chat-interface.tsx(3,25): error TS2307: Cannot find module 'ai/react' or its corresponding type declarations.
src/components/chat-interface.tsx(46,36): error TS7006: Parameter 'message' implicitly has an 'any' type.
